Loading dataset and verifying split...

--- SPLIT VERIFICATION ---
Total Rows Before Sort: 30000
Total Rows After Sort: 30000
Train victims: 700
Val victims: 150
Test victims: 150
Zero intersection verified across all splits. No victim-level leakage.
--------------------------

Generating XGBoost Structured predictions...
Generating GRU Temporal predictions...
Computing other modality risks directly into dataframe for diagnostic audit...
Running diagnostic audit on Validation set...
Diagnostic audit complete. fusion_signal_diagnostics.csv saved.

--- MANUAL FUSION SANITY TEST ---
Expected: 0.6100, Actual: 0.6100
Text Only Expected: 0.9000, Actual: 0.9000
Manual fusion tests PASSED.
---------------------------------

Running weight search on Validation set...
Weight search complete. Best PR-AUC: 0.4077
Running threshold search on Validation set...
Threshold search complete.
Running ablation study...
Ablation: Text only, weights: {'text': 1.0, 'voice': 0.0, 'behaviour': 0.0, 'structured': 0.0, 'temporal': 0.0}
Ablation: Voice only, weights: {'text': 0.0, 'voice': 1.0, 'behaviour': 0.0, 'structured': 0.0, 'temporal': 0.0}
Ablation: Behaviour only, weights: {'text': 0.0, 'voice': 0.0, 'behaviour': 1.0, 'structured': 0.0, 'temporal': 0.0}
Ablation: Structured only, weights: {'text': 0.0, 'voice': 0.0, 'behaviour': 0.0, 'structured': 1.0, 'temporal': 0.0}
Ablation: Temporal only, weights: {'text': 0.0, 'voice': 0.0, 'behaviour': 0.0, 'structured': 0.0, 'temporal': 1.0}
Ablation: Text + Structured, weights: {'text': 0.5, 'voice': 0.0, 'behaviour': 0.0, 'structured': 0.5, 'temporal': 0.0}
Ablation: Text + Behav + Struct, weights: {'text': 0.33, 'voice': 0.0, 'behaviour': 0.34, 'structured': 0.33, 'temporal': 0.0}
Ablation: All 5, weights: {'text': 0.25, 'voice': 0.15, 'behaviour': 0.15, 'structured': 0.25, 'temporal': 0.2}
Ablation study complete.
Running missing modality simulation...
Missing modality experiment complete.

=====================================================
FINAL FROZEN TEST EVALUATION
=====================================================
Test Victims: 150
Test Observations: 3450
Positive Targets: 229.0
Negative Targets: 3221.0
Weights Used: {'text': 0.25, 'voice': 0.15, 'behaviour': 0.15, 'structured': 0.25, 'temporal': 0.2}
Threshold Used: 0.15

Metrics:
  precision: 0.0851
  recall: 0.9301
  f1: 0.1559
  roc_auc: 0.8018
  pr_auc: 0.3100

Confusion Matrix:
TN: 931  FP: 2290
FN: 16  TP: 213
=====================================================
